[NotificationWorker] Starting...
[NotificationWorker] agent_reply message=a090c9da-e476-4ef2-8d41-d8277704ccf3
[NotificationWorker] ✓ Sent agent reply 9a292fe2-0d40-40ef-a68c-806b22306736
[NotificationWorker] Job a090c9da-e476-4ef2-8d41-d8277704ccf3 completed
[NotificationWorker] Starting...
[NotificationWorker] Starting...
[NotificationWorker] Starting...
[NotificationWorker] Starting...
[NotificationWorker] Starting...
[NotificationWorker] agent_reply message=3aa7720b-fde9-4204-a979-f2954c43165d
[NotificationWorker] ✓ Sent agent reply f93c5eb8-01b9-465d-a3ee-f7fdd3523499
[NotificationWorker] Job 3aa7720b-fde9-4204-a979-f2954c43165d completed
[NotificationWorker] Starting...
[NotificationWorker] agent_reply message=8a40a37c-5cdc-4ddf-8371-2a22053a1c0c
[NotificationWorker] Job 8a40a37c-5cdc-4ddf-8371-2a22053a1c0c failed: Invalid `reply_to` field. The email address needs to follow the `email@example.com` or `Name <email@example.com>` format.
[NotificationWorker] Starting...
[NotificationWorker] Starting...
[NotificationWorker] Starting...
[NotificationWorker] agent_reply message=8a40a37c-5cdc-4ddf-8371-2a22053a1c0c
[NotificationWorker] ✓ Sent agent reply f371eda7-f317-42d9-9915-eded1fc75d00
[NotificationWorker] Job 8a40a37c-5cdc-4ddf-8371-2a22053a1c0c:retry:1783511746787 completed
[NotificationWorker] agent_reply message=f18f8128-67c4-4262-a365-04050c307eb8
[NotificationWorker] ✓ Sent agent reply 66feefce-bbfd-424c-8a67-0046bf1afa94
[NotificationWorker] Job f18f8128-67c4-4262-a365-04050c307eb8 completed
[NotificationWorker] agent_reply message=a2f878c1-b136-4d87-9dd1-b3dac07719c6
[NotificationWorker] ✓ Sent agent reply 04ae8f73-bb6f-4f04-bda4-3d514c2d4206
[NotificationWorker] Job a2f878c1-b136-4d87-9dd1-b3dac07719c6 completed
[NotificationWorker] agent_reply message=2301e5c3-b3c1-4cc7-b3c5-7b3fa849356e
[NotificationWorker] ✓ Sent agent reply ba5d0136-20a4-4adb-a9c1-1537f657a210
[NotificationWorker] Job 2301e5c3-b3c1-4cc7-b3c5-7b3fa849356e completed
npm warn Unknown env config "devdir". This will stop working in the next major version of npm.
[NotificationWorker] Starting...
