
> my-project@0.1.0 temporal:worker
> npx tsx lib/temporal/worker.ts

[TemporalWorker] Fatal error: TransportError: tonic::transport::Error(Transport, ConnectError(ConnectError("tcp connect error", 127.0.0.1:7233, Os { code: 111, kind: ConnectionRefused, message: "Connection refused" })))
    at NativeConnection.connect (/home/arslan/Documents/Remote/v0-advan/node_modules/@temporalio/worker/src/connection.ts:249:15)
    at async runTemporalWorkerDaemon (/home/arslan/Documents/Remote/v0-advan/lib/temporal/workers/daemon.worker.ts:31:22)

> my-project@0.1.0 temporal:worker
> npx tsx lib/temporal/worker.ts

[TemporalWorker] Fatal error: TransportError: tonic::transport::Error(Transport, ConnectError(ConnectError("tcp connect error", 127.0.0.1:7233, Os { code: 111, kind: ConnectionRefused, message: "Connection refused" })))
    at NativeConnection.connect (/home/arslan/Documents/Remote/v0-advan/node_modules/@temporalio/worker/src/connection.ts:249:15)
    at async runTemporalWorkerDaemon (/home/arslan/Documents/Remote/v0-advan/lib/temporal/workers/daemon.worker.ts:31:22)

> my-project@0.1.0 temporal:worker
> npx tsx lib/temporal/worker.ts

[TemporalWorker] Fatal error: TransportError: tonic::transport::Error(Transport, ConnectError(ConnectError("tcp connect error", 127.0.0.1:7233, Os { code: 111, kind: ConnectionRefused, message: "Connection refused" })))
    at NativeConnection.connect (/home/arslan/Documents/Remote/v0-advan/node_modules/@temporalio/worker/src/connection.ts:249:15)
    at async runTemporalWorkerDaemon (/home/arslan/Documents/Remote/v0-advan/lib/temporal/workers/daemon.worker.ts:31:22)

> my-project@0.1.0 temporal:worker
> npx tsx lib/temporal/worker.ts

[TemporalWorker] Fatal error: TransportError: tonic::transport::Error(Transport, ConnectError(ConnectError("tcp connect error", 127.0.0.1:7233, Os { code: 111, kind: ConnectionRefused, message: "Connection refused" })))
    at NativeConnection.connect (/home/arslan/Documents/Remote/v0-advan/node_modules/@temporalio/worker/src/connection.ts:249:15)
    at async runTemporalWorkerDaemon (/home/arslan/Documents/Remote/v0-advan/lib/temporal/workers/daemon.worker.ts:31:22)

> my-project@0.1.0 temporal:worker
> npx tsx lib/temporal/worker.ts

[TemporalWorker] Fatal error: TransportError: tonic::transport::Error(Transport, ConnectError(ConnectError("tcp connect error", 127.0.0.1:7233, Os { code: 111, kind: ConnectionRefused, message: "Connection refused" })))
    at NativeConnection.connect (/home/arslan/Documents/Remote/v0-advan/node_modules/@temporalio/worker/src/connection.ts:249:15)
    at async runTemporalWorkerDaemon (/home/arslan/Documents/Remote/v0-advan/lib/temporal/workers/daemon.worker.ts:31:22)

> my-project@0.1.0 temporal:worker
> npx tsx lib/temporal/worker.ts

[TemporalWorker] Fatal error: TransportError: tonic::transport::Error(Transport, ConnectError(ConnectError("tcp connect error", 127.0.0.1:7233, Os { code: 111, kind: ConnectionRefused, message: "Connection refused" })))
    at NativeConnection.connect (/home/arslan/Documents/Remote/v0-advan/node_modules/@temporalio/worker/src/connection.ts:249:15)
    at async runTemporalWorkerDaemon (/home/arslan/Documents/Remote/v0-advan/lib/temporal/workers/daemon.worker.ts:31:22)

> my-project@0.1.0 temporal:worker
> npx tsx lib/temporal/worker.ts

[TemporalWorker] Fatal error: TransportError: tonic::transport::Error(Transport, ConnectError(ConnectError("tcp connect error", 127.0.0.1:7233, Os { code: 111, kind: ConnectionRefused, message: "Connection refused" })))
    at NativeConnection.connect (/home/arslan/Documents/Remote/v0-advan/node_modules/@temporalio/worker/src/connection.ts:249:15)
    at async runTemporalWorkerDaemon (/home/arslan/Documents/Remote/v0-advan/lib/temporal/workers/daemon.worker.ts:32:22)

> my-project@0.1.0 temporal:worker
> npx tsx lib/temporal/worker.ts

[TemporalWorker] Fatal error: TransportError: tonic::transport::Error(Transport, ConnectError(ConnectError("tcp connect error", 127.0.0.1:7233, Os { code: 111, kind: ConnectionRefused, message: "Connection refused" })))
    at NativeConnection.connect (/home/arslan/Documents/Remote/v0-advan/node_modules/@temporalio/worker/src/connection.ts:249:15)
    at async runTemporalWorkerDaemon (/home/arslan/Documents/Remote/v0-advan/lib/temporal/workers/daemon.worker.ts:32:22)

> my-project@0.1.0 temporal:worker
> npx tsx lib/temporal/worker.ts

[TemporalWorker] Fatal error: TransportError: tonic::transport::Error(Transport, ConnectError(ConnectError("tcp connect error", 127.0.0.1:7233, Os { code: 111, kind: ConnectionRefused, message: "Connection refused" })))
    at NativeConnection.connect (/home/arslan/Documents/Remote/v0-advan/node_modules/@temporalio/worker/src/connection.ts:249:15)
    at async runTemporalWorkerDaemon (/home/arslan/Documents/Remote/v0-advan/lib/temporal/workers/daemon.worker.ts:32:22)

> my-project@0.1.0 temporal:worker
> npx tsx lib/temporal/worker.ts

[TemporalWorker] Fatal error: TransportError: tonic::transport::Error(Transport, ConnectError(ConnectError("tcp connect error", 127.0.0.1:7233, Os { code: 111, kind: ConnectionRefused, message: "Connection refused" })))
    at NativeConnection.connect (/home/arslan/Documents/Remote/v0-advan/node_modules/@temporalio/worker/src/connection.ts:249:15)
    at async runTemporalWorkerDaemon (/home/arslan/Documents/Remote/v0-advan/lib/temporal/workers/daemon.worker.ts:32:22)

> my-project@0.1.0 temporal:worker
> npx tsx lib/temporal/worker.ts

[TemporalWorker] Fatal error: TransportError: tonic::transport::Error(Transport, ConnectError(ConnectError("tcp connect error", 127.0.0.1:7233, Os { code: 111, kind: ConnectionRefused, message: "Connection refused" })))
    at NativeConnection.connect (/home/arslan/Documents/Remote/v0-advan/node_modules/@temporalio/worker/src/connection.ts:249:15)
    at async runTemporalWorkerDaemon (/home/arslan/Documents/Remote/v0-advan/lib/temporal/workers/daemon.worker.ts:32:22)

> my-project@0.1.0 temporal:worker
> npx tsx lib/temporal/worker.ts

[TemporalWorker] Fatal error: TransportError: tonic::transport::Error(Transport, ConnectError(ConnectError("tcp connect error", 127.0.0.1:7233, Os { code: 111, kind: ConnectionRefused, message: "Connection refused" })))
    at NativeConnection.connect (/home/arslan/Documents/Remote/v0-advan/node_modules/@temporalio/worker/src/connection.ts:249:15)
    at async runTemporalWorkerDaemon (/home/arslan/Documents/Remote/v0-advan/lib/temporal/workers/daemon.worker.ts:32:22)

> my-project@0.1.0 temporal:worker
> npx tsx lib/temporal/worker.ts

[TemporalWorker] Fatal error: TransportError: tonic::transport::Error(Transport, ConnectError(ConnectError("tcp connect error", 127.0.0.1:7233, Os { code: 111, kind: ConnectionRefused, message: "Connection refused" })))
    at NativeConnection.connect (/home/arslan/Documents/Remote/v0-advan/node_modules/@temporalio/worker/src/connection.ts:249:15)
    at async runTemporalWorkerDaemon (/home/arslan/Documents/Remote/v0-advan/lib/temporal/workers/daemon.worker.ts:32:22)

> my-project@0.1.0 temporal:worker
> npx tsx lib/temporal/worker.ts

[TemporalWorker] Fatal error: TransportError: tonic::transport::Error(Transport, ConnectError(ConnectError("tcp connect error", 127.0.0.1:7233, Os { code: 111, kind: ConnectionRefused, message: "Connection refused" })))
    at NativeConnection.connect (/home/arslan/Documents/Remote/v0-advan/node_modules/@temporalio/worker/src/connection.ts:249:15)
    at async runTemporalWorkerDaemon (/home/arslan/Documents/Remote/v0-advan/lib/temporal/workers/daemon.worker.ts:32:22)

> my-project@0.1.0 temporal:worker
> npx tsx lib/temporal/worker.ts

[TemporalWorker] Fatal error: TransportError: tonic::transport::Error(Transport, ConnectError(ConnectError("tcp connect error", 127.0.0.1:7233, Os { code: 111, kind: ConnectionRefused, message: "Connection refused" })))
    at NativeConnection.connect (/home/arslan/Documents/Remote/v0-advan/node_modules/@temporalio/worker/src/connection.ts:249:15)
    at async runTemporalWorkerDaemon (/home/arslan/Documents/Remote/v0-advan/lib/temporal/workers/daemon.worker.ts:32:22)

> my-project@0.1.0 temporal:worker
> npx tsx lib/temporal/worker.ts

[TemporalWorker] Fatal error: TransportError: tonic::transport::Error(Transport, ConnectError(ConnectError("tcp connect error", 127.0.0.1:7233, Os { code: 111, kind: ConnectionRefused, message: "Connection refused" })))
    at NativeConnection.connect (/home/arslan/Documents/Remote/v0-advan/node_modules/@temporalio/worker/src/connection.ts:249:15)
    at async runTemporalWorkerDaemon (/home/arslan/Documents/Remote/v0-advan/lib/temporal/workers/daemon.worker.ts:32:22)

> my-project@0.1.0 temporal:worker
> npx tsx lib/temporal/worker.ts

[TemporalWorker] Fatal error: TransportError: tonic::transport::Error(Transport, ConnectError(ConnectError("tcp connect error", 127.0.0.1:7233, Os { code: 111, kind: ConnectionRefused, message: "Connection refused" })))
    at NativeConnection.connect (/home/arslan/Documents/Remote/v0-advan/node_modules/@temporalio/worker/src/connection.ts:249:15)
    at async runTemporalWorkerDaemon (/home/arslan/Documents/Remote/v0-advan/lib/temporal/workers/daemon.worker.ts:32:22)

> my-project@0.1.0 temporal:worker
> npx tsx lib/temporal/worker.ts

[TemporalWorker] Fatal error: TransportError: tonic::transport::Error(Transport, ConnectError(ConnectError("tcp connect error", 127.0.0.1:7233, Os { code: 111, kind: ConnectionRefused, message: "Connection refused" })))
    at NativeConnection.connect (/home/arslan/Documents/Remote/v0-advan/node_modules/@temporalio/worker/src/connection.ts:249:15)
    at async runTemporalWorkerDaemon (/home/arslan/Documents/Remote/v0-advan/lib/temporal/workers/daemon.worker.ts:32:22)

> my-project@0.1.0 temporal:worker
> npx tsx lib/temporal/worker.ts

[TemporalWorker] Fatal error: TransportError: tonic::transport::Error(Transport, ConnectError(ConnectError("tcp connect error", 127.0.0.1:7233, Os { code: 111, kind: ConnectionRefused, message: "Connection refused" })))
    at NativeConnection.connect (/home/arslan/Documents/Remote/v0-advan/node_modules/@temporalio/worker/src/connection.ts:249:15)
    at async runTemporalWorkerDaemon (/home/arslan/Documents/Remote/v0-advan/lib/temporal/workers/daemon.worker.ts:32:22)

> my-project@0.1.0 temporal:worker
> npx tsx lib/temporal/worker.ts

[TemporalWorker] Fatal error: TransportError: tonic::transport::Error(Transport, ConnectError(ConnectError("tcp connect error", 127.0.0.1:7233, Os { code: 111, kind: ConnectionRefused, message: "Connection refused" })))
    at NativeConnection.connect (/home/arslan/Documents/Remote/v0-advan/node_modules/@temporalio/worker/src/connection.ts:249:15)
    at async runTemporalWorkerDaemon (/home/arslan/Documents/Remote/v0-advan/lib/temporal/workers/daemon.worker.ts:32:22)

> my-project@0.1.0 temporal:worker
> npx tsx lib/temporal/worker.ts

[TemporalWorker] Fatal error: TransportError: tonic::transport::Error(Transport, ConnectError(ConnectError("tcp connect error", 127.0.0.1:7233, Os { code: 111, kind: ConnectionRefused, message: "Connection refused" })))
    at NativeConnection.connect (/home/arslan/Documents/Remote/v0-advan/node_modules/@temporalio/worker/src/connection.ts:249:15)
    at async runTemporalWorkerDaemon (/home/arslan/Documents/Remote/v0-advan/lib/temporal/workers/daemon.worker.ts:32:22)
npm warn Unknown env config "devdir". This will stop working in the next major version of npm.

> my-project@0.1.0 temporal:worker
> npx tsx lib/temporal/worker.ts

npm warn Unknown env config "devdir". This will stop working in the next major version of npm.
[TemporalWorker] Fatal error: TransportError: tonic::transport::Error(Transport, ConnectError(ConnectError("tcp connect error", 127.0.0.1:7233, Os { code: 111, kind: ConnectionRefused, message: "Connection refused" })))
    at Function.connect (/home/arslan/Documents/Remote/v0-advan/node_modules/@temporalio/worker/src/connection.ts:249:15)
    at async runTemporalWorkerDaemon (/home/arslan/Documents/Remote/v0-advan/lib/temporal/workers/daemon.worker.ts:32:22)

> my-project@0.1.0 temporal:worker
> npx tsx lib/temporal/worker.ts

[TemporalWorker] Fatal error: TransportError: tonic::transport::Error(Transport, ConnectError(ConnectError("tcp connect error", 127.0.0.1:7233, Os { code: 111, kind: ConnectionRefused, message: "Connection refused" })))
    at NativeConnection.connect (/home/arslan/Documents/Remote/v0-advan/node_modules/@temporalio/worker/src/connection.ts:249:15)
    at async runTemporalWorkerDaemon (/home/arslan/Documents/Remote/v0-advan/lib/temporal/workers/daemon.worker.ts:32:22)

> my-project@0.1.0 temporal:worker
> npx tsx lib/temporal/worker.ts

[TemporalWorker] Fatal error: TransportError: tonic::transport::Error(Transport, ConnectError(ConnectError("tcp connect error", 127.0.0.1:7233, Os { code: 111, kind: ConnectionRefused, message: "Connection refused" })))
    at NativeConnection.connect (/home/arslan/Documents/Remote/v0-advan/node_modules/@temporalio/worker/src/connection.ts:249:15)
    at async runTemporalWorkerDaemon (/home/arslan/Documents/Remote/v0-advan/lib/temporal/workers/daemon.worker.ts:32:22)

> my-project@0.1.0 temporal:worker
> npx tsx lib/temporal/worker.ts

[TemporalWorker] Fatal error: TransportError: tonic::transport::Error(Transport, ConnectError(ConnectError("tcp connect error", 127.0.0.1:7233, Os { code: 111, kind: ConnectionRefused, message: "Connection refused" })))
    at NativeConnection.connect (/home/arslan/Documents/Remote/v0-advan/node_modules/@temporalio/worker/src/connection.ts:249:15)
    at async runTemporalWorkerDaemon (/home/arslan/Documents/Remote/v0-advan/lib/temporal/workers/daemon.worker.ts:32:22)

> my-project@0.1.0 temporal:worker
> npx tsx lib/temporal/worker.ts

[TemporalWorker] Fatal error: TransportError: tonic::transport::Error(Transport, ConnectError(ConnectError("tcp connect error", 127.0.0.1:7233, Os { code: 111, kind: ConnectionRefused, message: "Connection refused" })))
    at NativeConnection.connect (/home/arslan/Documents/Remote/v0-advan/node_modules/@temporalio/worker/src/connection.ts:249:15)
    at async runTemporalWorkerDaemon (/home/arslan/Documents/Remote/v0-advan/lib/temporal/workers/daemon.worker.ts:32:22)
npm warn Unknown env config "devdir". This will stop working in the next major version of npm.

> my-project@0.1.0 temporal:worker
> npx tsx lib/temporal/worker.ts

npm warn Unknown env config "devdir". This will stop working in the next major version of npm.
[TemporalWorker] Fatal error: TransportError: tonic::transport::Error(Transport, ConnectError(ConnectError("tcp connect error", 127.0.0.1:7233, Os { code: 111, kind: ConnectionRefused, message: "Connection refused" })))
    at Function.connect (/home/arslan/Documents/Remote/v0-advan/node_modules/@temporalio/worker/src/connection.ts:249:15)
    at async runTemporalWorkerDaemon (/home/arslan/Documents/Remote/v0-advan/lib/temporal/workers/daemon.worker.ts:32:22)

> my-project@0.1.0 temporal:worker
> npx tsx lib/temporal/worker.ts

[TemporalWorker] Fatal error: TransportError: tonic::transport::Error(Transport, ConnectError(ConnectError("tcp connect error", 127.0.0.1:7233, Os { code: 111, kind: ConnectionRefused, message: "Connection refused" })))
    at NativeConnection.connect (/home/arslan/Documents/Remote/v0-advan/node_modules/@temporalio/worker/src/connection.ts:249:15)
    at async runTemporalWorkerDaemon (/home/arslan/Documents/Remote/v0-advan/lib/temporal/workers/daemon.worker.ts:32:22)

> my-project@0.1.0 temporal:worker
> npx tsx lib/temporal/worker.ts

[TemporalWorker] Fatal error: TransportError: tonic::transport::Error(Transport, ConnectError(ConnectError("tcp connect error", 127.0.0.1:7233, Os { code: 111, kind: ConnectionRefused, message: "Connection refused" })))
    at NativeConnection.connect (/home/arslan/Documents/Remote/v0-advan/node_modules/@temporalio/worker/src/connection.ts:249:15)
    at async runTemporalWorkerDaemon (/home/arslan/Documents/Remote/v0-advan/lib/temporal/workers/daemon.worker.ts:32:22)

> my-project@0.1.0 temporal:worker
> npx tsx lib/temporal/worker.ts

[TemporalWorker] Fatal error: TransportError: tonic::transport::Error(Transport, ConnectError(ConnectError("tcp connect error", 127.0.0.1:7233, Os { code: 111, kind: ConnectionRefused, message: "Connection refused" })))
    at NativeConnection.connect (/home/arslan/Documents/Remote/v0-advan/node_modules/@temporalio/worker/src/connection.ts:249:15)
    at async runTemporalWorkerDaemon (/home/arslan/Documents/Remote/v0-advan/lib/temporal/workers/daemon.worker.ts:32:22)

> my-project@0.1.0 temporal:worker
> npx tsx lib/temporal/worker.ts

[TemporalWorker] Fatal error: TransportError: tonic::transport::Error(Transport, ConnectError(ConnectError("tcp connect error", 127.0.0.1:7233, Os { code: 111, kind: ConnectionRefused, message: "Connection refused" })))
    at NativeConnection.connect (/home/arslan/Documents/Remote/v0-advan/node_modules/@temporalio/worker/src/connection.ts:249:15)
    at async runTemporalWorkerDaemon (/home/arslan/Documents/Remote/v0-advan/lib/temporal/workers/daemon.worker.ts:32:22)

> my-project@0.1.0 temporal:worker
> npx tsx lib/temporal/worker.ts

[TemporalWorker] Fatal error: TransportError: tonic::transport::Error(Transport, ConnectError(ConnectError("tcp connect error", 127.0.0.1:7233, Os { code: 111, kind: ConnectionRefused, message: "Connection refused" })))
    at NativeConnection.connect (/home/arslan/Documents/Remote/v0-advan/node_modules/@temporalio/worker/src/connection.ts:249:15)
    at async runTemporalWorkerDaemon (/home/arslan/Documents/Remote/v0-advan/lib/temporal/workers/daemon.worker.ts:32:22)

> my-project@0.1.0 temporal:worker
> npx tsx lib/temporal/worker.ts

[TemporalWorker] Fatal error: TransportError: tonic::transport::Error(Transport, ConnectError(ConnectError("tcp connect error", 127.0.0.1:7233, Os { code: 111, kind: ConnectionRefused, message: "Connection refused" })))
    at NativeConnection.connect (/home/arslan/Documents/Remote/v0-advan/node_modules/@temporalio/worker/src/connection.ts:249:15)
    at async runTemporalWorkerDaemon (/home/arslan/Documents/Remote/v0-advan/lib/temporal/workers/daemon.worker.ts:32:22)

> my-project@0.1.0 temporal:worker
> npx tsx lib/temporal/worker.ts

[TemporalWorker] Fatal error: TransportError: tonic::transport::Error(Transport, ConnectError(ConnectError("tcp connect error", 127.0.0.1:7233, Os { code: 111, kind: ConnectionRefused, message: "Connection refused" })))
    at NativeConnection.connect (/home/arslan/Documents/Remote/v0-advan/node_modules/@temporalio/worker/src/connection.ts:249:15)
    at async runTemporalWorkerDaemon (/home/arslan/Documents/Remote/v0-advan/lib/temporal/workers/daemon.worker.ts:32:22)

> my-project@0.1.0 temporal:worker
> npx tsx lib/temporal/worker.ts

[TemporalWorker] Fatal error: TransportError: tonic::transport::Error(Transport, ConnectError(ConnectError("tcp connect error", 127.0.0.1:7233, Os { code: 111, kind: ConnectionRefused, message: "Connection refused" })))
    at NativeConnection.connect (/home/arslan/Documents/Remote/v0-advan/node_modules/@temporalio/worker/src/connection.ts:249:15)
    at async runTemporalWorkerDaemon (/home/arslan/Documents/Remote/v0-advan/lib/temporal/workers/daemon.worker.ts:32:22)

> my-project@0.1.0 temporal:worker
> npx tsx lib/temporal/worker.ts

[TemporalWorker] Fatal error: TransportError: tonic::transport::Error(Transport, ConnectError(ConnectError("tcp connect error", 127.0.0.1:7233, Os { code: 111, kind: ConnectionRefused, message: "Connection refused" })))
    at NativeConnection.connect (/home/arslan/Documents/Remote/v0-advan/node_modules/@temporalio/worker/src/connection.ts:249:15)
    at async runTemporalWorkerDaemon (/home/arslan/Documents/Remote/v0-advan/lib/temporal/workers/daemon.worker.ts:32:22)

> my-project@0.1.0 temporal:worker
> npx tsx lib/temporal/worker.ts

[TemporalWorker] Fatal error: TransportError: tonic::transport::Error(Transport, ConnectError(ConnectError("tcp connect error", 127.0.0.1:7233, Os { code: 111, kind: ConnectionRefused, message: "Connection refused" })))
    at NativeConnection.connect (/home/arslan/Documents/Remote/v0-advan/node_modules/@temporalio/worker/src/connection.ts:249:15)
    at async runTemporalWorkerDaemon (/home/arslan/Documents/Remote/v0-advan/lib/temporal/workers/daemon.worker.ts:32:22)

> my-project@0.1.0 temporal:worker
> npx tsx lib/temporal/worker.ts

[TemporalWorker] Fatal error: TransportError: tonic::transport::Error(Transport, ConnectError(ConnectError("tcp connect error", 127.0.0.1:7233, Os { code: 111, kind: ConnectionRefused, message: "Connection refused" })))
    at NativeConnection.connect (/home/arslan/Documents/Remote/v0-advan/node_modules/@temporalio/worker/src/connection.ts:249:15)
    at async runTemporalWorkerDaemon (/home/arslan/Documents/Remote/v0-advan/lib/temporal/workers/daemon.worker.ts:32:22)

> my-project@0.1.0 temporal:worker
> npx tsx lib/temporal/worker.ts

[TemporalWorker] Fatal error: TransportError: tonic::transport::Error(Transport, ConnectError(ConnectError("tcp connect error", 127.0.0.1:7233, Os { code: 111, kind: ConnectionRefused, message: "Connection refused" })))
    at NativeConnection.connect (/home/arslan/Documents/Remote/v0-advan/node_modules/@temporalio/worker/src/connection.ts:249:15)
    at async runTemporalWorkerDaemon (/home/arslan/Documents/Remote/v0-advan/lib/temporal/workers/daemon.worker.ts:32:22)

> my-project@0.1.0 temporal:worker
> npx tsx lib/temporal/worker.ts

[TemporalWorker] Fatal error: TransportError: tonic::transport::Error(Transport, ConnectError(ConnectError("tcp connect error", 127.0.0.1:7233, Os { code: 111, kind: ConnectionRefused, message: "Connection refused" })))
    at NativeConnection.connect (/home/arslan/Documents/Remote/v0-advan/node_modules/@temporalio/worker/src/connection.ts:249:15)
    at async runTemporalWorkerDaemon (/home/arslan/Documents/Remote/v0-advan/lib/temporal/workers/daemon.worker.ts:32:22)

> my-project@0.1.0 temporal:worker
> npx tsx lib/temporal/worker.ts

[TemporalWorker] Fatal error: TransportError: tonic::transport::Error(Transport, ConnectError(ConnectError("tcp connect error", 127.0.0.1:7233, Os { code: 111, kind: ConnectionRefused, message: "Connection refused" })))
    at NativeConnection.connect (/home/arslan/Documents/Remote/v0-advan/node_modules/@temporalio/worker/src/connection.ts:249:15)
    at async runTemporalWorkerDaemon (/home/arslan/Documents/Remote/v0-advan/lib/temporal/workers/daemon.worker.ts:32:22)

> my-project@0.1.0 temporal:worker
> npx tsx lib/temporal/worker.ts

[TemporalWorker] Fatal error: TransportError: tonic::transport::Error(Transport, ConnectError(ConnectError("tcp connect error", 127.0.0.1:7233, Os { code: 111, kind: ConnectionRefused, message: "Connection refused" })))
    at NativeConnection.connect (/home/arslan/Documents/Remote/v0-advan/node_modules/@temporalio/worker/src/connection.ts:249:15)
    at async runTemporalWorkerDaemon (/home/arslan/Documents/Remote/v0-advan/lib/temporal/workers/daemon.worker.ts:32:22)

> my-project@0.1.0 temporal:worker
> npx tsx lib/temporal/worker.ts

[TemporalWorker] Fatal error: TransportError: tonic::transport::Error(Transport, ConnectError(ConnectError("tcp connect error", 127.0.0.1:7233, Os { code: 111, kind: ConnectionRefused, message: "Connection refused" })))
    at NativeConnection.connect (/home/arslan/Documents/Remote/v0-advan/node_modules/@temporalio/worker/src/connection.ts:249:15)
    at async runTemporalWorkerDaemon (/home/arslan/Documents/Remote/v0-advan/lib/temporal/workers/daemon.worker.ts:32:22)

> my-project@0.1.0 temporal:worker
> npx tsx lib/temporal/worker.ts

[TemporalWorker] Fatal error: TransportError: tonic::transport::Error(Transport, ConnectError(ConnectError("tcp connect error", 127.0.0.1:7233, Os { code: 111, kind: ConnectionRefused, message: "Connection refused" })))
    at NativeConnection.connect (/home/arslan/Documents/Remote/v0-advan/node_modules/@temporalio/worker/src/connection.ts:249:15)
    at async runTemporalWorkerDaemon (/home/arslan/Documents/Remote/v0-advan/lib/temporal/workers/daemon.worker.ts:32:22)

> my-project@0.1.0 temporal:worker
> npx tsx lib/temporal/worker.ts

[TemporalWorker] Fatal error: TransportError: tonic::transport::Error(Transport, ConnectError(ConnectError("tcp connect error", 127.0.0.1:7233, Os { code: 111, kind: ConnectionRefused, message: "Connection refused" })))
    at NativeConnection.connect (/home/arslan/Documents/Remote/v0-advan/node_modules/@temporalio/worker/src/connection.ts:249:15)
    at async runTemporalWorkerDaemon (/home/arslan/Documents/Remote/v0-advan/lib/temporal/workers/daemon.worker.ts:32:22)

> my-project@0.1.0 temporal:worker
> npx tsx lib/temporal/worker.ts

[TemporalWorker] Fatal error: TransportError: tonic::transport::Error(Transport, ConnectError(ConnectError("tcp connect error", 127.0.0.1:7233, Os { code: 111, kind: ConnectionRefused, message: "Connection refused" })))
    at NativeConnection.connect (/home/arslan/Documents/Remote/v0-advan/node_modules/@temporalio/worker/src/connection.ts:249:15)
    at async runTemporalWorkerDaemon (/home/arslan/Documents/Remote/v0-advan/lib/temporal/workers/daemon.worker.ts:32:22)

> my-project@0.1.0 temporal:worker
> npx tsx lib/temporal/worker.ts

[TemporalWorker] Fatal error: TransportError: tonic::transport::Error(Transport, ConnectError(ConnectError("tcp connect error", 127.0.0.1:7233, Os { code: 111, kind: ConnectionRefused, message: "Connection refused" })))
    at NativeConnection.connect (/home/arslan/Documents/Remote/v0-advan/node_modules/@temporalio/worker/src/connection.ts:249:15)
    at async runTemporalWorkerDaemon (/home/arslan/Documents/Remote/v0-advan/lib/temporal/workers/daemon.worker.ts:32:22)

> my-project@0.1.0 temporal:worker
> npx tsx lib/temporal/worker.ts

[TemporalWorker] Fatal error: TransportError: tonic::transport::Error(Transport, ConnectError(ConnectError("tcp connect error", 127.0.0.1:7233, Os { code: 111, kind: ConnectionRefused, message: "Connection refused" })))
    at NativeConnection.connect (/home/arslan/Documents/Remote/v0-advan/node_modules/@temporalio/worker/src/connection.ts:249:15)
    at async runTemporalWorkerDaemon (/home/arslan/Documents/Remote/v0-advan/lib/temporal/workers/daemon.worker.ts:32:22)

> my-project@0.1.0 temporal:worker
> npx tsx lib/temporal/worker.ts

[TemporalWorker] Fatal error: TransportError: tonic::transport::Error(Transport, ConnectError(ConnectError("tcp connect error", 127.0.0.1:7233, Os { code: 111, kind: ConnectionRefused, message: "Connection refused" })))
    at NativeConnection.connect (/home/arslan/Documents/Remote/v0-advan/node_modules/@temporalio/worker/src/connection.ts:249:15)
    at async runTemporalWorkerDaemon (/home/arslan/Documents/Remote/v0-advan/lib/temporal/workers/daemon.worker.ts:32:22)

> my-project@0.1.0 temporal:worker
> npx tsx lib/temporal/worker.ts

[TemporalWorker] Fatal error: TransportError: tonic::transport::Error(Transport, ConnectError(ConnectError("tcp connect error", 127.0.0.1:7233, Os { code: 111, kind: ConnectionRefused, message: "Connection refused" })))
    at NativeConnection.connect (/home/arslan/Documents/Remote/v0-advan/node_modules/@temporalio/worker/src/connection.ts:249:15)
    at async runTemporalWorkerDaemon (/home/arslan/Documents/Remote/v0-advan/lib/temporal/workers/daemon.worker.ts:32:22)

> my-project@0.1.0 temporal:worker
> npx tsx lib/temporal/worker.ts

2026-07-16T18:57:24.779Z [INFO] asset workflow-bundle-7d9504612277c3ad3875.js 1.41 MiB [emitted] [immutable] (name: main)
runtime modules 937 bytes 4 modules
modules by path ./node_modules/@temporalio/ 343 KiB
  modules by path ./node_modules/@temporalio/common/ 156 KiB 35 modules
  modules by path ./node_modules/@temporalio/workflow/ 186 KiB 21 modules
modules by path ./node_modules/nexus-rpc/lib/ 22.3 KiB 13 modules
modules by path ./lib/temporal/workflows/ 12 KiB
  ./lib/temporal/workflows/workflows-entry-autogenerated-entrypoint.cjs 523 bytes [built] [code generated]
  ./lib/temporal/workflows/workflows-entry.ts 277 bytes [built] [code generated]
  ./lib/temporal/workflows/ticket-resolution.ts 2.8 KiB [built] [code generated]
  ./lib/temporal/workflows/pipeline-execution.ts 8.38 KiB [built] [code generated]
optional modules 30 bytes [optional]
  __temporal_custom_payload_converter (ignored) 15 bytes [optional] [built] [code generated]
  __temporal_custom_failure_converter (ignored) 15 bytes [optional] [built] [code generated]
./node_modules/long/umd/index.js 49.8 KiB [built] [code generated]
webpack 5.107.2 compiled successfully in 1729 ms { sdkComponent: 'worker', taskQueue: 'advan-agents' }
2026-07-16T18:57:24.787Z [INFO] Workflow bundle created { sdkComponent: 'worker', taskQueue: 'advan-agents', size: '1.41MB' }
[TemporalWorker] Polling task queue "advan-agents" (dev workflowsPath)
2026-07-16T18:57:26.057Z [INFO] Worker state changed { sdkComponent: 'worker', taskQueue: 'advan-agents', state: 'RUNNING' }
2026-07-16T18:57:26.064Z [INFO] No Nexus services registered, not polling for Nexus tasks { sdkComponent: 'worker', taskQueue: 'advan-agents' }
2026-07-16T20:06:11.019Z [INFO] Worker state changed {
  sdkComponent: 'worker',
  taskQueue: 'advan-agents',
  state: 'STOPPING'
}
2026-07-16T20:06:11.025Z [INFO] Worker state changed {
  sdkComponent: 'worker',
  taskQueue: 'advan-agents',
  state: 'DRAINING'
}
2026-07-16T20:06:11.032Z [INFO] Worker state changed { sdkComponent: 'worker', taskQueue: 'advan-agents', state: 'DRAINED' }
2026-07-16T20:06:11.034Z [INFO] Worker state changed { sdkComponent: 'worker', taskQueue: 'advan-agents', state: 'STOPPED' }

> my-project@0.1.0 temporal:worker
> npx tsx lib/temporal/worker.ts

2026-07-16T20:06:25.005Z [INFO] asset workflow-bundle-7d9504612277c3ad3875.js 1.41 MiB [emitted] [immutable] (name: main)
runtime modules 937 bytes 4 modules
modules by path ./node_modules/@temporalio/ 343 KiB
  modules by path ./node_modules/@temporalio/common/ 156 KiB 35 modules
  modules by path ./node_modules/@temporalio/workflow/ 186 KiB 21 modules
modules by path ./node_modules/nexus-rpc/lib/ 22.3 KiB 13 modules
modules by path ./lib/temporal/workflows/ 12 KiB
  ./lib/temporal/workflows/workflows-entry-autogenerated-entrypoint.cjs 523 bytes [built] [code generated]
  ./lib/temporal/workflows/workflows-entry.ts 277 bytes [built] [code generated]
  ./lib/temporal/workflows/ticket-resolution.ts 2.8 KiB [built] [code generated]
  ./lib/temporal/workflows/pipeline-execution.ts 8.38 KiB [built] [code generated]
optional modules 30 bytes [optional]
  __temporal_custom_payload_converter (ignored) 15 bytes [optional] [built] [code generated]
  __temporal_custom_failure_converter (ignored) 15 bytes [optional] [built] [code generated]
./node_modules/long/umd/index.js 49.8 KiB [built] [code generated]
webpack 5.107.2 compiled successfully in 2374 ms { sdkComponent: 'worker', taskQueue: 'advan-agents' }
2026-07-16T20:06:25.014Z [INFO] Workflow bundle created { sdkComponent: 'worker', taskQueue: 'advan-agents', size: '1.41MB' }
[TemporalWorker] Polling task queue "advan-agents" (dev workflowsPath)
2026-07-16T20:06:26.868Z [INFO] Worker state changed { sdkComponent: 'worker', taskQueue: 'advan-agents', state: 'RUNNING' }
2026-07-16T20:06:26.873Z [INFO] No Nexus services registered, not polling for Nexus tasks { sdkComponent: 'worker', taskQueue: 'advan-agents' }
2026-07-16T20:34:31.756Z [INFO] Worker state changed {
  sdkComponent: 'worker',
  taskQueue: 'advan-agents',
  state: 'STOPPING'
}
2026-07-16T20:34:31.766Z [INFO] Worker state changed {
  sdkComponent: 'worker',
  taskQueue: 'advan-agents',
  state: 'DRAINING'
}

> my-project@0.1.0 temporal:worker
> npx tsx lib/temporal/worker.ts

2026-07-17T16:48:28.017Z [INFO] asset workflow-bundle-7d9504612277c3ad3875.js 1.41 MiB [emitted] [immutable] (name: main)
runtime modules 937 bytes 4 modules
modules by path ./node_modules/@temporalio/ 343 KiB
  modules by path ./node_modules/@temporalio/common/ 156 KiB 35 modules
  modules by path ./node_modules/@temporalio/workflow/ 186 KiB 21 modules
modules by path ./node_modules/nexus-rpc/lib/ 22.3 KiB 13 modules
modules by path ./lib/temporal/workflows/ 12 KiB
  ./lib/temporal/workflows/workflows-entry-autogenerated-entrypoint.cjs 523 bytes [built] [code generated]
  ./lib/temporal/workflows/workflows-entry.ts 277 bytes [built] [code generated]
  ./lib/temporal/workflows/ticket-resolution.ts 2.8 KiB [built] [code generated]
  ./lib/temporal/workflows/pipeline-execution.ts 8.38 KiB [built] [code generated]
optional modules 30 bytes [optional]
  __temporal_custom_payload_converter (ignored) 15 bytes [optional] [built] [code generated]
  __temporal_custom_failure_converter (ignored) 15 bytes [optional] [built] [code generated]
./node_modules/long/umd/index.js 49.8 KiB [built] [code generated]
webpack 5.107.2 compiled successfully in 1265 ms { sdkComponent: 'worker', taskQueue: 'advan-agents' }
2026-07-17T16:48:28.022Z [INFO] Workflow bundle created { sdkComponent: 'worker', taskQueue: 'advan-agents', size: '1.41MB' }
[TemporalWorker] Polling task queue "advan-agents" (dev workflowsPath)
2026-07-17T16:48:28.701Z [INFO] Worker state changed { sdkComponent: 'worker', taskQueue: 'advan-agents', state: 'RUNNING' }
2026-07-17T16:48:28.704Z [INFO] No Nexus services registered, not polling for Nexus tasks { sdkComponent: 'worker', taskQueue: 'advan-agents' }
2026-07-17T17:18:26.880Z [INFO] Worker state changed {
  sdkComponent: 'worker',
  taskQueue: 'advan-agents',
  state: 'STOPPING'
}
2026-07-17T17:18:26.881Z [INFO] Worker state changed {
  sdkComponent: 'worker',
  taskQueue: 'advan-agents',
  state: 'DRAINING'
}
2026-07-17T17:18:26.889Z [INFO] Worker state changed { sdkComponent: 'worker', taskQueue: 'advan-agents', state: 'DRAINED' }
2026-07-17T17:18:26.892Z [INFO] Worker state changed { sdkComponent: 'worker', taskQueue: 'advan-agents', state: 'STOPPED' }

> my-project@0.1.0 temporal:worker
> npx tsx lib/temporal/worker.ts

2026-07-17T17:18:38.446Z [INFO] asset workflow-bundle-7d9504612277c3ad3875.js 1.41 MiB [emitted] [immutable] (name: main)
runtime modules 937 bytes 4 modules
modules by path ./node_modules/@temporalio/ 343 KiB
  modules by path ./node_modules/@temporalio/common/ 156 KiB 35 modules
  modules by path ./node_modules/@temporalio/workflow/ 186 KiB 21 modules
modules by path ./node_modules/nexus-rpc/lib/ 22.3 KiB 13 modules
modules by path ./lib/temporal/workflows/ 12 KiB
  ./lib/temporal/workflows/workflows-entry-autogenerated-entrypoint.cjs 523 bytes [built] [code generated]
  ./lib/temporal/workflows/workflows-entry.ts 277 bytes [built] [code generated]
  ./lib/temporal/workflows/ticket-resolution.ts 2.8 KiB [built] [code generated]
  ./lib/temporal/workflows/pipeline-execution.ts 8.38 KiB [built] [code generated]
optional modules 30 bytes [optional]
  __temporal_custom_payload_converter (ignored) 15 bytes [optional] [built] [code generated]
  __temporal_custom_failure_converter (ignored) 15 bytes [optional] [built] [code generated]
./node_modules/long/umd/index.js 49.8 KiB [built] [code generated]
webpack 5.107.2 compiled successfully in 1636 ms { sdkComponent: 'worker', taskQueue: 'advan-agents' }
2026-07-17T17:18:38.451Z [INFO] Workflow bundle created { sdkComponent: 'worker', taskQueue: 'advan-agents', size: '1.41MB' }
[TemporalWorker] Polling task queue "advan-agents" (dev workflowsPath)
2026-07-17T17:18:39.142Z [INFO] Worker state changed { sdkComponent: 'worker', taskQueue: 'advan-agents', state: 'RUNNING' }
2026-07-17T17:18:39.144Z [INFO] No Nexus services registered, not polling for Nexus tasks { sdkComponent: 'worker', taskQueue: 'advan-agents' }
2026-07-17T17:24:14.405Z [INFO] Worker state changed {
  sdkComponent: 'worker',
  taskQueue: 'advan-agents',
  state: 'STOPPING'
}
2026-07-17T17:24:14.406Z [INFO] Worker state changed {
  sdkComponent: 'worker',
  taskQueue: 'advan-agents',
  state: 'DRAINING'
}
2026-07-17T17:24:14.415Z [INFO] Worker state changed { sdkComponent: 'worker', taskQueue: 'advan-agents', state: 'DRAINED' }
2026-07-17T17:24:14.417Z [INFO] Worker state changed { sdkComponent: 'worker', taskQueue: 'advan-agents', state: 'STOPPED' }

> my-project@0.1.0 temporal:worker
> npx tsx lib/temporal/worker.ts

2026-07-17T17:24:24.844Z [INFO] asset workflow-bundle-7d9504612277c3ad3875.js 1.41 MiB [emitted] [immutable] (name: main)
runtime modules 937 bytes 4 modules
modules by path ./node_modules/@temporalio/ 343 KiB
  modules by path ./node_modules/@temporalio/common/ 156 KiB 35 modules
  modules by path ./node_modules/@temporalio/workflow/ 186 KiB 21 modules
modules by path ./node_modules/nexus-rpc/lib/ 22.3 KiB 13 modules
modules by path ./lib/temporal/workflows/ 12 KiB
  ./lib/temporal/workflows/workflows-entry-autogenerated-entrypoint.cjs 523 bytes [built] [code generated]
  ./lib/temporal/workflows/workflows-entry.ts 277 bytes [built] [code generated]
  ./lib/temporal/workflows/ticket-resolution.ts 2.8 KiB [built] [code generated]
  ./lib/temporal/workflows/pipeline-execution.ts 8.38 KiB [built] [code generated]
optional modules 30 bytes [optional]
  __temporal_custom_payload_converter (ignored) 15 bytes [optional] [built] [code generated]
  __temporal_custom_failure_converter (ignored) 15 bytes [optional] [built] [code generated]
./node_modules/long/umd/index.js 49.8 KiB [built] [code generated]
webpack 5.107.2 compiled successfully in 2098 ms { sdkComponent: 'worker', taskQueue: 'advan-agents' }
2026-07-17T17:24:24.851Z [INFO] Workflow bundle created { sdkComponent: 'worker', taskQueue: 'advan-agents', size: '1.41MB' }
[TemporalWorker] Polling task queue "advan-agents" (dev workflowsPath)
2026-07-17T17:24:25.995Z [INFO] Worker state changed { sdkComponent: 'worker', taskQueue: 'advan-agents', state: 'RUNNING' }
2026-07-17T17:24:25.999Z [INFO] No Nexus services registered, not polling for Nexus tasks { sdkComponent: 'worker', taskQueue: 'advan-agents' }
2026-07-17T17:36:10.910Z [INFO] Worker state changed {
  sdkComponent: 'worker',
  taskQueue: 'advan-agents',
  state: 'STOPPING'
}
2026-07-17T17:36:10.912Z [INFO] Worker state changed {
  sdkComponent: 'worker',
  taskQueue: 'advan-agents',
  state: 'DRAINING'
}
2026-07-17T17:36:10.917Z [INFO] Worker state changed { sdkComponent: 'worker', taskQueue: 'advan-agents', state: 'DRAINED' }
2026-07-17T17:36:10.917Z [INFO] Worker state changed { sdkComponent: 'worker', taskQueue: 'advan-agents', state: 'STOPPED' }

> my-project@0.1.0 temporal:worker
> npx tsx lib/temporal/worker.ts

2026-07-17T17:36:31.005Z [INFO] asset workflow-bundle-7d9504612277c3ad3875.js 1.41 MiB [emitted] [immutable] (name: main)
runtime modules 937 bytes 4 modules
modules by path ./node_modules/@temporalio/ 343 KiB
  modules by path ./node_modules/@temporalio/common/ 156 KiB 35 modules
  modules by path ./node_modules/@temporalio/workflow/ 186 KiB 21 modules
modules by path ./node_modules/nexus-rpc/lib/ 22.3 KiB 13 modules
modules by path ./lib/temporal/workflows/ 12 KiB
  ./lib/temporal/workflows/workflows-entry-autogenerated-entrypoint.cjs 523 bytes [built] [code generated]
  ./lib/temporal/workflows/workflows-entry.ts 277 bytes [built] [code generated]
  ./lib/temporal/workflows/ticket-resolution.ts 2.8 KiB [built] [code generated]
  ./lib/temporal/workflows/pipeline-execution.ts 8.38 KiB [built] [code generated]
optional modules 30 bytes [optional]
  __temporal_custom_payload_converter (ignored) 15 bytes [optional] [built] [code generated]
  __temporal_custom_failure_converter (ignored) 15 bytes [optional] [built] [code generated]
./node_modules/long/umd/index.js 49.8 KiB [built] [code generated]
webpack 5.107.2 compiled successfully in 2978 ms { sdkComponent: 'worker', taskQueue: 'advan-agents' }
2026-07-17T17:36:31.015Z [INFO] Workflow bundle created { sdkComponent: 'worker', taskQueue: 'advan-agents', size: '1.41MB' }
[TemporalWorker] Polling task queue "advan-agents" (dev workflowsPath)
2026-07-17T17:36:32.006Z [INFO] Worker state changed { sdkComponent: 'worker', taskQueue: 'advan-agents', state: 'RUNNING' }
2026-07-17T17:36:32.009Z [INFO] No Nexus services registered, not polling for Nexus tasks { sdkComponent: 'worker', taskQueue: 'advan-agents' }
2026-07-17T18:27:49.981Z [INFO] Worker state changed {
  sdkComponent: 'worker',
  taskQueue: 'advan-agents',
  state: 'STOPPING'
}
2026-07-17T18:27:49.985Z [INFO] Worker state changed {
  sdkComponent: 'worker',
  taskQueue: 'advan-agents',
  state: 'DRAINING'
}
2026-07-17T18:27:50.003Z [INFO] Worker state changed { sdkComponent: 'worker', taskQueue: 'advan-agents', state: 'DRAINED' }
2026-07-17T18:27:50.005Z [INFO] Worker state changed { sdkComponent: 'worker', taskQueue: 'advan-agents', state: 'STOPPED' }

> my-project@0.1.0 temporal:worker
> npx tsx lib/temporal/worker.ts

2026-07-18T08:45:22.402Z [INFO] asset workflow-bundle-7d9504612277c3ad3875.js 1.41 MiB [emitted] [immutable] (name: main)
runtime modules 937 bytes 4 modules
modules by path ./node_modules/@temporalio/ 343 KiB
  modules by path ./node_modules/@temporalio/common/ 156 KiB 35 modules
  modules by path ./node_modules/@temporalio/workflow/ 186 KiB 21 modules
modules by path ./node_modules/nexus-rpc/lib/ 22.3 KiB 13 modules
modules by path ./lib/temporal/workflows/ 12 KiB
  ./lib/temporal/workflows/workflows-entry-autogenerated-entrypoint.cjs 523 bytes [built] [code generated]
  ./lib/temporal/workflows/workflows-entry.ts 277 bytes [built] [code generated]
  ./lib/temporal/workflows/ticket-resolution.ts 2.8 KiB [built] [code generated]
  ./lib/temporal/workflows/pipeline-execution.ts 8.38 KiB [built] [code generated]
optional modules 30 bytes [optional]
  __temporal_custom_payload_converter (ignored) 15 bytes [optional] [built] [code generated]
  __temporal_custom_failure_converter (ignored) 15 bytes [optional] [built] [code generated]
./node_modules/long/umd/index.js 49.8 KiB [built] [code generated]
webpack 5.107.2 compiled successfully in 1262 ms { sdkComponent: 'worker', taskQueue: 'advan-agents' }
2026-07-18T08:45:22.406Z [INFO] Workflow bundle created { sdkComponent: 'worker', taskQueue: 'advan-agents', size: '1.41MB' }
[TemporalWorker] Polling task queue "advan-agents" (dev workflowsPath)
2026-07-18T08:45:23.041Z [INFO] Worker state changed { sdkComponent: 'worker', taskQueue: 'advan-agents', state: 'RUNNING' }
2026-07-18T08:45:23.044Z [INFO] No Nexus services registered, not polling for Nexus tasks { sdkComponent: 'worker', taskQueue: 'advan-agents' }
[2m2026-07-18T09:05:39.622889Z[0m [33m WARN[0m [2mtemporalio_sdk_core::worker::heartbeat[0m[2m:[0m Network error while sending worker heartbeat [3merror[0m[2m=[0mStatus { code: Unavailable, message: "http2 error", source: Some(tonic::transport::Error(Transport, hyper::Error(Http2, KeepAliveTimedOut))) }
2026-07-18T09:16:08.777Z [INFO] Worker state changed {
  sdkComponent: 'worker',
  taskQueue: 'advan-agents',
  state: 'STOPPING'
}
2026-07-18T09:16:08.782Z [INFO] Worker state changed {
  sdkComponent: 'worker',
  taskQueue: 'advan-agents',
  state: 'DRAINING'
}
2026-07-18T09:16:08.806Z [INFO] Worker state changed { sdkComponent: 'worker', taskQueue: 'advan-agents', state: 'DRAINED' }
2026-07-18T09:16:08.807Z [INFO] Worker state changed { sdkComponent: 'worker', taskQueue: 'advan-agents', state: 'STOPPED' }

> my-project@0.1.0 temporal:worker
> npx tsx lib/temporal/worker.ts

2026-07-18T09:16:20.283Z [INFO] asset workflow-bundle-7d9504612277c3ad3875.js 1.41 MiB [emitted] [immutable] (name: main)
runtime modules 937 bytes 4 modules
modules by path ./node_modules/@temporalio/ 343 KiB
  modules by path ./node_modules/@temporalio/common/ 156 KiB 35 modules
  modules by path ./node_modules/@temporalio/workflow/ 186 KiB 21 modules
modules by path ./node_modules/nexus-rpc/lib/ 22.3 KiB 13 modules
modules by path ./lib/temporal/workflows/ 12 KiB
  ./lib/temporal/workflows/workflows-entry-autogenerated-entrypoint.cjs 523 bytes [built] [code generated]
  ./lib/temporal/workflows/workflows-entry.ts 277 bytes [built] [code generated]
  ./lib/temporal/workflows/ticket-resolution.ts 2.8 KiB [built] [code generated]
  ./lib/temporal/workflows/pipeline-execution.ts 8.38 KiB [built] [code generated]
optional modules 30 bytes [optional]
  __temporal_custom_payload_converter (ignored) 15 bytes [optional] [built] [code generated]
  __temporal_custom_failure_converter (ignored) 15 bytes [optional] [built] [code generated]
./node_modules/long/umd/index.js 49.8 KiB [built] [code generated]
webpack 5.107.2 compiled successfully in 1097 ms { sdkComponent: 'worker', taskQueue: 'advan-agents' }
2026-07-18T09:16:20.289Z [INFO] Workflow bundle created { sdkComponent: 'worker', taskQueue: 'advan-agents', size: '1.41MB' }
[TemporalWorker] Polling task queue "advan-agents" (dev workflowsPath)
2026-07-18T09:16:21.132Z [INFO] Worker state changed { sdkComponent: 'worker', taskQueue: 'advan-agents', state: 'RUNNING' }
2026-07-18T09:16:21.136Z [INFO] No Nexus services registered, not polling for Nexus tasks { sdkComponent: 'worker', taskQueue: 'advan-agents' }
