Temporal CLI 0.0.0-DEV (Server 1.31.2, UI 2.49.1)

Temporal Server:  localhost:7233
Temporal UI:      http://localhost:8233
Temporal Metrics: http://localhost:42215/metrics
Temporal CLI 0.0.0-DEV (Server 1.31.2, UI 2.49.1)

Temporal Server:  localhost:7233
Temporal UI:      http://localhost:8233
Temporal Metrics: http://localhost:43655/metrics
Temporal CLI 0.0.0-DEV (Server 1.31.2, UI 2.49.1)

Temporal Server:  localhost:7233
Temporal UI:      http://localhost:8233
Temporal Metrics: http://localhost:40173/metrics
Temporal CLI 0.0.0-DEV (Server 1.31.2, UI 2.49.1)

Temporal Server:  localhost:7233
Temporal UI:      http://localhost:8233
Temporal Metrics: http://localhost:33521/metrics
Temporal CLI 0.0.0-DEV (Server 1.31.2, UI 2.49.1)

Temporal Server:  localhost:7233
Temporal UI:      http://localhost:8233
Temporal Metrics: http://localhost:46775/metrics
Temporal CLI 0.0.0-DEV (Server 1.31.2, UI 2.49.1)

Temporal Server:  localhost:7233
Temporal UI:      http://localhost:8233
Temporal Metrics: http://localhost:44703/metrics
Temporal CLI 0.0.0-DEV (Server 1.31.2, UI 2.49.1)

Temporal Server:  localhost:7233
Temporal UI:      http://localhost:8233
Temporal Metrics: http://localhost:33637/metrics
Temporal CLI 0.0.0-DEV (Server 1.31.2, UI 2.49.1)

Temporal Server:  localhost:7233
Temporal UI:      http://localhost:8233
Temporal Metrics: http://localhost:45379/metrics
Temporal CLI 0.0.0-DEV (Server 1.31.2, UI 2.50.1)

Temporal Server:      localhost:7233
Temporal Persistence: in-memory
Temporal UI:          http://localhost:8233
Temporal Metrics:     http://localhost:46775/metrics
Temporal CLI 0.0.0-DEV (Server 1.31.2, UI 2.50.1)

Temporal Server:      localhost:7233
Temporal Persistence: in-memory
Temporal UI:          http://localhost:8233
Temporal Metrics:     http://localhost:40805/metrics
Temporal CLI 0.0.0-DEV (Server 1.31.2, UI 2.50.1)

Temporal Server:      localhost:7233
Temporal Persistence: in-memory
Temporal UI:          http://localhost:8233
Temporal Metrics:     http://localhost:40985/metrics
Temporal CLI 0.0.0-DEV (Server 1.31.2, UI 2.50.1)

Temporal Server:      localhost:7233
Temporal Persistence: in-memory
Temporal UI:          http://localhost:8233
Temporal Metrics:     http://localhost:45857/metrics
Temporal CLI 0.0.0-DEV (Server 1.31.2, UI 2.50.1)

Temporal Server:      localhost:7233
Temporal Persistence: in-memory
Temporal UI:          http://localhost:8233
Temporal Metrics:     http://localhost:37829/metrics
Temporal CLI 0.0.0-DEV (Server 1.31.2, UI 2.50.1)

Temporal Server:      localhost:7233
Temporal Persistence: in-memory
Temporal UI:          http://localhost:8233
Temporal Metrics:     http://localhost:46883/metrics
